I'm sorry, but errors were detected in your script. Please correct the
errors listed below, and try again.


File "game/screens.rpy", line 370: 'style' is not a keyword argument or valid child of the screen statement.
    style main_menu_button is default:
         ^

Ren'Py Version: Ren'Py 8.3.4.24120703
Thu Jan 30 22:07:05 2025
